﻿鐢熸垚鍚姩鏃堕棿涓?2026/3/4 22:04:23銆?
     1>椤圭洰鈥淐:\Users\Administrator\source\repos\RimDiplomacy\RimDiplomacy.sln鈥濆湪鑺傜偣 1 涓?Restore 涓洰鏍?銆?
     1>ValidateSolutionConfiguration:
         姝ｅ湪鐢熸垚瑙ｅ喅鏂规閰嶇疆鈥淒ebug|Any CPU鈥濄€?
       _GetAllRestoreProjectPathItems:
         姝ｅ湪纭畾瑕佽繕鍘熺殑椤圭洰鈥?
       Restore:
         X.509 璇佷功閾鹃獙璇佸皢浣跨敤 .NET 閫夋嫨鐨勯粯璁や俊浠诲瓨鍌ㄨ繘琛屼唬鐮佺鍚嶃€?
         X.509 璇佷功閾鹃獙璇佸皢浣跨敤 .NET 閫夋嫨鐨勯粯璁や俊浠诲瓨鍌ㄨ繘琛屾椂闂存埑銆?
         璧勪骇鏂囦欢鏈敼鍙樸€傝烦杩囪祫浜ф枃浠跺啓鍏ャ€傝矾寰? C:\Users\Administrator\source\repos\RimDiplomacy\RimDiplomacy\obj\project.assets.json
         宸茶繕鍘?C:\Users\Administrator\source\repos\RimDiplomacy\RimDiplomacy\RimDiplomacy.csproj (鐢ㄦ椂 39 姣)銆?
         
         浣跨敤鐨?NuGet 閰嶇疆鏂囦欢:
             C:\Users\Administrator\AppData\Roaming\NuGet\NuGet.Config
             C:\Program Files (x86)\NuGet\Config\Microsoft.VisualStudio.Offline.config
         
         浣跨敤鐨勬簮:
             https://api.nuget.org/v3/index.json
             C:\Program Files (x86)\Microsoft SDKs\NuGetPackages\
         鎵€鏈夐」鐩潎鏄渶鏂扮殑锛屾棤娉曡繕鍘熴€?
     1>宸插畬鎴愮敓鎴愰」鐩€淐:\Users\Administrator\source\repos\RimDiplomacy\RimDiplomacy.sln鈥?Restore 涓洰鏍?鐨勬搷浣溿€?
   1:2>鑺傜偣 1 涓婄殑椤圭洰鈥淐:\Users\Administrator\source\repos\RimDiplomacy\RimDiplomacy.sln鈥?榛樿鐩爣)銆?
     1>ValidateSolutionConfiguration:
         姝ｅ湪鐢熸垚瑙ｅ喅鏂规閰嶇疆鈥淒ebug|Any CPU鈥濄€?
   1:2>椤圭洰鈥淐:\Users\Administrator\source\repos\RimDiplomacy\RimDiplomacy.sln鈥?1:2)姝ｅ湪鑺傜偣 1 涓婄敓鎴愨€淐:\Users\Administrator\source\repos\RimDiplomacy\RimDiplomacy\RimDiplomacy.csproj鈥?2:6) (榛樿鐩爣)銆?
     2>GenerateTargetFrameworkMonikerAttribute:
       姝ｅ湪璺宠繃鐩爣鈥淕enerateTargetFrameworkMonikerAttribute鈥濓紝鍥犱负鎵€鏈夎緭鍑烘枃浠剁浉瀵逛簬杈撳叆鏂囦欢鑰岃█閮芥槸鏈€鏂扮殑銆?
       CoreGenerateAssemblyInfo:
       姝ｅ湪璺宠繃鐩爣鈥淐oreGenerateAssemblyInfo鈥濓紝鍥犱负鎵€鏈夎緭鍑烘枃浠剁浉瀵逛簬杈撳叆鏂囦欢鑰岃█閮芥槸鏈€鏂扮殑銆?
       _GenerateSourceLinkFile:
         Source Link 鏂囦欢 "obj\Debug\net48\RimDiplomacy.sourcelink.json" 鏄渶鏂扮殑銆?
       CoreCompile:
         Setting DOTNET_ROOT to 'C:\Program Files\dotnet'
         C:\Program Files\dotnet\sdk\10.0.101\Roslyn\bincore\csc.exe /noconfig /unsafe- /checked- /nowarn:1701,1702,1701,1702 /fullpaths /nostdlib+ /errorreport:prompt /warn:4 /define:TRACE;DEBUG;NETFRAMEWORK;NET48;NET20_OR_GREATER;NET30_OR_GREATER;NET35_OR_GREATER;NET40_OR_GREATER;NET45_OR_GREATER;NET451_OR_GREATER;NET452_OR_GREATER;NET46_OR_GREATER;NET461_OR_GREATER;NET462_OR_GREATER;NET47_OR_GREATER;NET471_OR_GREATER;NET472_OR_GREATER;NET48_OR_GREATER /highentropyva+ /nullable:disable /reference:E:\SteamLibrary\steamapps\workshop\content\294100\2009463077\Current\Assemblies\0Harmony.dll /reference:E:\SteamLibrary\steamapps\common\RimWorld\RimWorldWin64_Data\Managed\Assembly-CSharp-firstpass.dll /reference:E:\SteamLibrary\steamapps\common\RimWorld\RimWorldWin64_Data\Managed\Assembly-CSharp.dll /reference:"C:\Program Files (x86)\Reference Assemblies\Microsoft\Framework\.NETFramework\v4.8\mscorlib.dll" /reference:"C:\Program Files (x86)\Reference Assemblies\Microsoft\Framework\.NETFramework\v4.8\System.Core.dll" /reference:"C:\Program Files (x86)\Reference Assemblies\Microsoft\Framework\.NETFramework\v4.8\System.Data.dll" /reference:"C:\Program Files (x86)\Reference Assemblies\Microsoft\Framework\.NETFramework\v4.8\System.dll" /reference:"C:\Program Files (x86)\Reference Assemblies\Microsoft\Framework\.NETFramework\v4.8\System.Drawing.dll" /reference:"C:\Program Files (x86)\Reference Assemblies\Microsoft\Framework\.NETFramework\v4.8\System.IO.Compression.FileSystem.dll" /reference:"C:\Program Files (x86)\Reference Assemblies\Microsoft\Framework\.NETFramework\v4.8\System.Numerics.dll" /reference:"C:\Program Files (x86)\Reference Assemblies\Microsoft\Framework\.NETFramework\v4.8\System.Runtime.Serialization.dll" /reference:"C:\Program Files (x86)\Reference Assemblies\Microsoft\Framework\.NETFramework\v4.8\System.Xml.dll" /reference:"C:\Program Files (x86)\Reference Assemblies\Microsoft\Framework\.NETFramework\v4.8\System.Xml.Linq.dll" /reference:E:\SteamLibrary\steamapps\common\RimWorld\RimWorldWin64_Data\Managed\UnityEngine.CoreModule.dll /reference:E:\SteamLibrary\steamapps\common\RimWorld\RimWorldWin64_Data\Managed\UnityEngine.IMGUIModule.dll /reference:E:\SteamLibrary\steamapps\common\RimWorld\RimWorldWin64_Data\Managed\UnityEngine.TextRenderingModule.dll /reference:E:\SteamLibrary\steamapps\common\RimWorld\RimWorldWin64_Data\Managed\UnityEngine.UnityWebRequestModule.dll /reference:"C:\Program Files (x86)\Reference Assemblies\Microsoft\Framework\.NETFramework\v4.8\Facades\Microsoft.Win32.Primitives.dll" /reference:"C:\Program Files (x86)\Reference Assemblies\Microsoft\Framework\.NETFramework\v4.8\Facades\netstandard.dll" /reference:"C:\Program Files (x86)\Reference Assemblies\Microsoft\Framework\.NETFramework\v4.8\Facades\System.AppContext.dll" /reference:"C:\Program Files (x86)\Reference Assemblies\Microsoft\Framework\.NETFramework\v4.8\Facades\System.Collections.Concurrent.dll" /reference:"C:\Program Files (x86)\Reference Assemblies\Microsoft\Framework\.NETFramework\v4.8\Facades\System.Collections.dll" /reference:"C:\Program Files (x86)\Reference Assemblies\Microsoft\Framework\.NETFramework\v4.8\Facades\System.Collections.NonGeneric.dll" /reference:"C:\Program Files (x86)\Reference Assemblies\Microsoft\Framework\.NETFramework\v4.8\Facades\System.Collections.Specialized.dll" /reference:"C:\Program Files (x86)\Reference Assemblies\Microsoft\Framework\.NETFramework\v4.8\Facades\System.ComponentModel.Annotations.dll" /reference:"C:\Program Files (x86)\Reference Assemblies\Microsoft\Framework\.NETFramework\v4.8\Facades\System.ComponentModel.dll" /reference:"C:\Program Files (x86)\Reference Assemblies\Microsoft\Framework\.NETFramework\v4.8\Facades\System.ComponentModel.EventBasedAsync.dll" /reference:"C:\Program Files (x86)\Reference Assemblies\Microsoft\Framework\.NETFramework\v4.8\Facades\System.ComponentModel.Primitives.dll" /reference:"C:\Program Files (x86)\Reference Assemblies\Microsoft\Framework\.NETFramework\v4.8\Facades\System.ComponentModel.TypeConverter.dll" /reference:"C:\Program Files (x86)\Reference Assemblies\Microsoft\Framework\.NETFramework\v4.8\Facades\System.Console.dll" /reference:"C:\Program Files (x86)\Reference Assemblies\Microsoft\Framework\.NETFramework\v4.8\Facades\System.Data.Common.dll" /reference:"C:\Program Files (x86)\Reference Assemblies\Microsoft\Framework\.NETFramework\v4.8\Facades\System.Diagnostics.Contracts.dll" /reference:"C:\Program Files (x86)\Reference Assemblies\Microsoft\Framework\.NETFramework\v4.8\Facades\System.Diagnostics.Debug.dll" /reference:"C:\Program Files (x86)\Reference Assemblies\Microsoft\Framework\.NETFramework\v4.8\Facades\System.Diagnostics.FileVersionInfo.dll" /reference:"C:\Program Files (x86)\Reference Assemblies\Microsoft\Framework\.NETFramework\v4.8\Facades\System.Diagnostics.Process.dll" /reference:"C:\Program Files (x86)\Reference Assemblies\Microsoft\Framework\.NETFramework\v4.8\Facades\System.Diagnostics.StackTrace.dll" /reference:"C:\Program Files (x86)\Reference Assemblies\Microsoft\Framework\.NETFramework\v4.8\Facades\System.Diagnostics.TextWriterTraceListener.dll" /reference:"C:\Program Files (x86)\Reference Assemblies\Microsoft\Framework\.NETFramework\v4.8\Facades\System.Diagnostics.Tools.dll" /reference:"C:\Program Files (x86)\Reference Assemblies\Microsoft\Framework\.NETFramework\v4.8\Facades\System.Diagnostics.TraceSource.dll" /reference:"C:\Program Files (x86)\Reference Assemblies\Microsoft\Framework\.NETFramework\v4.8\Facades\System.Drawing.Primitives.dll" /reference:"C:\Program Files (x86)\Reference Assemblies\Microsoft\Framework\.NETFramework\v4.8\Facades\System.Dynamic.Runtime.dll" /reference:"C:\Program Files (x86)\Reference Assemblies\Microsoft\Framework\.NETFramework\v4.8\Facades\System.Globalization.Calendars.dll" /reference:"C:\Program Files (x86)\Reference Assemblies\Microsoft\Framework\.NETFramework\v4.8\Facades\System.Globalization.dll" /reference:"C:\Program Files (x86)\Reference Assemblies\Microsoft\Framework\.NETFramework\v4.8\Facades\System.Globalization.Extensions.dll" /reference:"C:\Program Files (x86)\Reference Assemblies\Microsoft\Framework\.NETFramework\v4.8\Facades\System.IO.Compression.ZipFile.dll" /reference:"C:\Program Files (x86)\Reference Assemblies\Microsoft\Framework\.NETFramework\v4.8\Facades\System.IO.dll" /reference:"C:\Program Files (x86)\Reference Assemblies\Microsoft\Framework\.NETFramework\v4.8\Facades\System.IO.FileSystem.dll" /reference:"C:\Program Files (x86)\Reference Assemblies\Microsoft\Framework\.NETFramework\v4.8\Facades\System.IO.FileSystem.DriveInfo.dll" /reference:"C:\Program Files (x86)\Reference Assemblies\Microsoft\Framework\.NETFramework\v4.8\Facades\System.IO.FileSystem.Primitives.dll" /reference:"C:\Program Files (x86)\Reference Assemblies\Microsoft\Framework\.NETFramework\v4.8\Facades\System.IO.FileSystem.Watcher.dll" /reference:"C:\Program Files (x86)\Reference Assemblies\Microsoft\Framework\.NETFramework\v4.8\Facades\System.IO.IsolatedStorage.dll" /reference:"C:\Program Files (x86)\Reference Assemblies\Microsoft\Framework\.NETFramework\v4.8\Facades\System.IO.MemoryMappedFiles.dll" /reference:"C:\Program Files (x86)\Reference Assemblies\Microsoft\Framework\.NETFramework\v4.8\Facades\System.IO.Pipes.dll" /reference:"C:\Program Files (x86)\Reference Assemblies\Microsoft\Framework\.NETFramework\v4.8\Facades\System.IO.UnmanagedMemoryStream.dll" /reference:"C:\Program Files (x86)\Reference Assemblies\Microsoft\Framework\.NETFramework\v4.8\Facades\System.Linq.dll" /reference:"C:\Program Files (x86)\Reference Assemblies\Microsoft\Framework\.NETFramework\v4.8\Facades\System.Linq.Expressions.dll" /reference:"C:\Program Files (x86)\Reference Assemblies\Microsoft\Framework\.NETFramework\v4.8\Facades\System.Linq.Parallel.dll" /reference:"C:\Program Files (x86)\Reference Assemblies\Microsoft\Framework\.NETFramework\v4.8\Facades\System.Linq.Queryable.dll" /reference:"C:\Program Files (x86)\Reference Assemblies\Microsoft\Framework\.NETFramework\v4.8\Facades\System.Net.Http.Rtc.dll" /reference:"C:\Program Files (x86)\Reference Assemblies\Microsoft\Framework\.NETFramework\v4.8\Facades\System.Net.NameResolution.dll" /reference:"C:\Program Files (x86)\Reference Assemblies\Microsoft\Framework\.NETFramework\v4.8\Facades\System.Net.NetworkInformation.dll" /reference:"C:\Program Files (x86)\Reference Assemblies\Microsoft\Framework\.NETFramework\v4.8\Facades\System.Net.Ping.dll" /reference:"C:\Program Files (x86)\Reference Assemblies\Microsoft\Framework\.NETFramework\v4.8\Facades\System.Net.Primitives.dll" /reference:"C:\Program Files (x86)\Reference Assemblies\Microsoft\Framework\.NETFramework\v4.8\Facades\System.Net.Requests.dll" /reference:"C:\Program Files (x86)\Reference Assemblies\Microsoft\Framework\.NETFramework\v4.8\Facades\System.Net.Security.dll" /reference:"C:\Program Files (x86)\Reference Assemblies\Microsoft\Framework\.NETFramework\v4.8\Facades\System.Net.Sockets.dll" /reference:"C:\Program Files (x86)\Reference Assemblies\Microsoft\Framework\.NETFramework\v4.8\Facades\System.Net.WebHeaderCollection.dll" /reference:"C:\Program Files (x86)\Reference Assemblies\Microsoft\Framework\.NETFramework\v4.8\Facades\System.Net.WebSockets.Client.dll" /reference:"C:\Program Files (x86)\Reference Assemblies\Microsoft\Framework\.NETFramework\v4.8\Facades\System.Net.WebSockets.dll" /reference:"C:\Program Files (x86)\Reference Assemblies\Microsoft\Framework\.NETFramework\v4.8\Facades\System.ObjectModel.dll" /reference:"C:\Program Files (x86)\Reference Assemblies\Microsoft\Framework\.NETFramework\v4.8\Facades\System.Reflection.dll" /reference:"C:\Program Files (x86)\Reference Assemblies\Microsoft\Framework\.NETFramework\v4.8\Facades\System.Reflection.Emit.dll" /reference:"C:\Program Files (x86)\Reference Assemblies\Microsoft\Framework\.NETFramework\v4.8\Facades\System.Reflection.Emit.ILGeneration.dll" /reference:"C:\Program Files (x86)\Reference Assemblies\Microsoft\Framework\.NETFramework\v4.8\Facades\System.Reflection.Emit.Lightweight.dll" /reference:"C:\Program Files (x86)\Reference Assemblies\Microsoft\Framework\.NETFramework\v4.8\Facades\System.Reflection.Extensions.dll" /reference:"C:\Program Files (x86)\Reference Assemblies\Microsoft\Framework\.NETFramework\v4.8\Facades\System.Reflection.Primitives.dll" /reference:"C:\Program Files (x86)\Reference Assemblies\Microsoft\Framework\.NETFramework\v4.8\Facades\System.Resources.Reader.dll" /reference:"C:\Program Files (x86)\Reference Assemblies\Microsoft\Framework\.NETFramework\v4.8\Facades\System.Resources.ResourceManager.dll" /reference:"C:\Program Files (x86)\Reference Assemblies\Microsoft\Framework\.NETFramework\v4.8\Facades\System.Resources.Writer.dll" /reference:"C:\Program Files (x86)\Reference Assemblies\Microsoft\Framework\.NETFramework\v4.8\Facades\System.Runtime.CompilerServices.VisualC.dll" /reference:"C:\Program Files (x86)\Reference Assemblies\Microsoft\Framework\.NETFramework\v4.8\Facades\System.Runtime.dll" /reference:"C:\Program Files (x86)\Reference Assemblies\Microsoft\Framework\.NETFramework\v4.8\Facades\System.Runtime.Extensions.dll" /reference:"C:\Program Files (x86)\Reference Assemblies\Microsoft\Framework\.NETFramework\v4.8\Facades\System.Runtime.Handles.dll" /reference:"C:\Program Files (x86)\Reference Assemblies\Microsoft\Framework\.NETFramework\v4.8\Facades\System.Runtime.InteropServices.dll" /reference:"C:\Program Files (x86)\Reference Assemblies\Microsoft\Framework\.NETFramework\v4.8\Facades\System.Runtime.InteropServices.RuntimeInformation.dll" /reference:"C:\Program Files (x86)\Reference Assemblies\Microsoft\Framework\.NETFramework\v4.8\Facades\System.Runtime.InteropServices.WindowsRuntime.dll" /reference:"C:\Program Files (x86)\Reference Assemblies\Microsoft\Framework\.NETFramework\v4.8\Facades\System.Runtime.Numerics.dll" /reference:"C:\Program Files (x86)\Reference Assemblies\Microsoft\Framework\.NETFramework\v4.8\Facades\System.Runtime.Serialization.Formatters.dll" /reference:"C:\Program Files (x86)\Reference Assemblies\Microsoft\Framework\.NETFramework\v4.8\Facades\System.Runtime.Serialization.Json.dll" /reference:"C:\Program Files (x86)\Reference Assemblies\Microsoft\Framework\.NETFramework\v4.8\Facades\System.Runtime.Serialization.Primitives.dll" /reference:"C:\Program Files (x86)\Reference Assemblies\Microsoft\Framework\.NETFramework\v4.8\Facades\System.Runtime.Serialization.Xml.dll" /reference:"C:\Program Files (x86)\Reference Assemblies\Microsoft\Framework\.NETFramework\v4.8\Facades\System.Security.Claims.dll" /reference:"C:\Program Files (x86)\Reference Assemblies\Microsoft\Framework\.NETFramework\v4.8\Facades\System.Security.Cryptography.Algorithms.dll" /reference:"C:\Program Files (x86)\Reference Assemblies\Microsoft\Framework\.NETFramework\v4.8\Facades\System.Security.Cryptography.Csp.dll" /reference:"C:\Program Files (x86)\Reference Assemblies\Microsoft\Framework\.NETFramework\v4.8\Facades\System.Security.Cryptography.Encoding.dll" /reference:"C:\Program Files (x86)\Reference Assemblies\Microsoft\Framework\.NETFramework\v4.8\Facades\System.Security.Cryptography.Primitives.dll" /reference:"C:\Program Files (x86)\Reference Assemblies\Microsoft\Framework\.NETFramework\v4.8\Facades\System.Security.Cryptography.X509Certificates.dll" /reference:"C:\Program Files (x86)\Reference Assemblies\Microsoft\Framework\.NETFramework\v4.8\Facades\System.Security.Principal.dll" /reference:"C:\Program Files (x86)\Reference Assemblies\Microsoft\Framework\.NETFramework\v4.8\Facades\System.Security.SecureString.dll" /reference:"C:\Program Files (x86)\Reference Assemblies\Microsoft\Framework\.NETFramework\v4.8\Facades\System.ServiceModel.Duplex.dll" /reference:"C:\Program Files (x86)\Reference Assemblies\Microsoft\Framework\.NETFramework\v4.8\Facades\System.ServiceModel.Http.dll" /reference:"C:\Program Files (x86)\Reference Assemblies\Microsoft\Framework\.NETFramework\v4.8\Facades\System.ServiceModel.NetTcp.dll" /reference:"C:\Program Files (x86)\Reference Assemblies\Microsoft\Framework\.NETFramework\v4.8\Facades\System.ServiceModel.Primitives.dll" /reference:"C:\Program Files (x86)\Reference Assemblies\Microsoft\Framework\.NETFramework\v4.8\Facades\System.ServiceModel.Security.dll" /reference:"C:\Program Files (x86)\Reference Assemblies\Microsoft\Framework\.NETFramework\v4.8\Facades\System.Text.Encoding.dll" /reference:"C:\Program Files (x86)\Reference Assemblies\Microsoft\Framework\.NETFramework\v4.8\Facades\System.Text.Encoding.Extensions.dll" /reference:"C:\Program Files (x86)\Reference Assemblies\Microsoft\Framework\.NETFramework\v4.8\Facades\System.Text.RegularExpressions.dll" /reference:"C:\Program Files (x86)\Reference Assemblies\Microsoft\Framework\.NETFramework\v4.8\Facades\System.Threading.dll" /reference:"C:\Program Files (x86)\Reference Assemblies\Microsoft\Framework\.NETFramework\v4.8\Facades\System.Threading.Overlapped.dll" /reference:"C:\Program Files (x86)\Reference Assemblies\Microsoft\Framework\.NETFramework\v4.8\Facades\System.Threading.Tasks.dll" /reference:"C:\Program Files (x86)\Reference Assemblies\Microsoft\Framework\.NETFramework\v4.8\Facades\System.Threading.Tasks.Parallel.dll" /reference:"C:\Program Files (x86)\Reference Assemblies\Microsoft\Framework\.NETFramework\v4.8\Facades\System.Threading.Thread.dll" /reference:"C:\Program Files (x86)\Reference Assemblies\Microsoft\Framework\.NETFramework\v4.8\Facades\System.Threading.ThreadPool.dll" /reference:"C:\Program Files (x86)\Reference Assemblies\Microsoft\Framework\.NETFramework\v4.8\Facades\System.Threading.Timer.dll" /reference:"C:\Program Files (x86)\Reference Assemblies\Microsoft\Framework\.NETFramework\v4.8\Facades\System.ValueTuple.dll" /reference:"C:\Program Files (x86)\Reference Assemblies\Microsoft\Framework\.NETFramework\v4.8\Facades\System.Xml.ReaderWriter.dll" /reference:"C:\Program Files (x86)\Reference Assemblies\Microsoft\Framework\.NETFramework\v4.8\Facades\System.Xml.XDocument.dll" /reference:"C:\Program Files (x86)\Reference Assemblies\Microsoft\Framework\.NETFramework\v4.8\Facades\System.Xml.XmlDocument.dll" /reference:"C:\Program Files (x86)\Reference Assemblies\Microsoft\Framework\.NETFramework\v4.8\Facades\System.Xml.XmlSerializer.dll" /reference:"C:\Program Files (x86)\Reference Assemblies\Microsoft\Framework\.NETFramework\v4.8\Facades\System.Xml.XPath.dll" /reference:"C:\Program Files (x86)\Reference Assemblies\Microsoft\Framework\.NETFramework\v4.8\Facades\System.Xml.XPath.XDocument.dll" /debug+ /debug:portable /filealign:512 /optimize- /out:obj\Debug\net48\RimDiplomacy.dll /subsystemversion:6.00 /target:library /warnaserror- /utf8output /deterministic+ /sourcelink:obj\Debug\net48\RimDiplomacy.sourcelink.json /langversion:latest /analyzerconfig:obj\Debug\net48\RimDiplomacy.GeneratedMSBuildEditorConfig.editorconfig AI\AIActionExecutor.cs AI\AIChatClient.cs AI\AIChatService.cs AI\AIChatServiceAsync.cs AI\AIProvider.cs AI\AIResponseParser.cs AI\LLMRelationResponse.cs Comp\CompPawnDialogue.cs Config\ApiConfig.cs Config\APIPreset.cs Config\FactionPromptConfig.cs Config\FactionPromptManager.cs Config\LocalModelConfig.cs Config\PromptConfig.cs Config\RimDiplomacySettings.Compat.cs Config\RimDiplomacySettings.cs Config\RimDiplomacySettings_AI.cs Config\RimDiplomacySettings_Prompt.cs Config\RimDiplomacySettings_RPG.cs Config\SystemPromptConfig.cs Core\RimDiplomacyMod.cs DiplomacySystem\DelayedDiplomacyEvent.cs DiplomacySystem\DiplomacyEventManager.cs DiplomacySystem\DiplomacyNotificationManager.cs DiplomacySystem\GameAIInterface.cs DiplomacySystem\GameComponent_DiplomacyManager.cs Memory\FactionDialogueSession.cs Memory\FactionLeaderMemory.cs Memory\LeaderMemoryManager.cs Patches\CommsConsolePatch.cs Patches\PawnInteractionPatch.cs Persistence\IPromptPersistenceService.cs Persistence\PromptFileManager.cs Persistence\PromptPersistenceService.cs Relation\DialogueGoodwillCost.cs Relation\FactionRelationContext.cs Relation\FactionRelationValues.cs Relation\RelationBasedCostCalculator.cs Relation\RelationRules.cs Relation\RelationThresholdBehavior.cs UI\Dialog_DiplomacyDialogue.cs UI\Dialog_FactionPromptEditor.cs UI\Dialog_LoadFile.cs UI\Dialog_RPGPawnDialogue.cs UI\Dialog_SaveFile.cs UI\Dialog_SelectFactionForDialogue.cs UI\EnhancedTextArea.cs UI\FiveDimensionBar.cs UI\GoodwillChangeAnimation.cs UI\MainTabWindow_RimDiplomacy.cs Util\DebugLogger.cs Util\DLCCompatibility.cs "obj\Debug\net48\.NETFramework,Version=v4.8.AssemblyAttributes.cs" obj\Debug\net48\RimDiplomacy.AssemblyInfo.cs /warnaserror+:NU1605
         Compilation request RimDiplomacy (net48), PathToTool=C:\Program Files\dotnet\sdk\10.0.101\Roslyn\bincore\csc.exe
         CommandLine = ' /noconfig'
         BuildResponseFile = '/unsafe- /checked- /nowarn:1701,1702,1701,1702 /fullpaths /nostdlib+ /errorreport:prompt /warn:4 /define:TRACE;DEBUG;NETFRAMEWORK;NET48;NET20_OR_GREATER;NET30_OR_GREATER;NET35_OR_GREATER;NET40_OR_GREATER;NET45_OR_GREATER;NET451_OR_GREATER;NET452_OR_GREATER;NET46_OR_GREATER;NET461_OR_GREATER;NET462_OR_GREATER;NET47_OR_GREATER;NET471_OR_GREATER;NET472_OR_GREATER;NET48_OR_GREATER /highentropyva+ /nullable:disable /reference:E:\SteamLibrary\steamapps\workshop\content\294100\2009463077\Current\Assemblies\0Harmony.dll /reference:E:\SteamLibrary\steamapps\common\RimWorld\RimWorldWin64_Data\Managed\Assembly-CSharp-firstpass.dll /reference:E:\SteamLibrary\steamapps\common\RimWorld\RimWorldWin64_Data\Managed\Assembly-CSharp.dll /reference:"C:\Program Files (x86)\Reference Assemblies\Microsoft\Framework\.NETFramework\v4.8\mscorlib.dll" /reference:"C:\Program Files (x86)\Reference Assemblies\Microsoft\Framework\.NETFramework\v4.8\System.Core.dll" /reference:"C:\Program Files (x86)\Reference Assemblies\Microsoft\Framework\.NETFramework\v4.8\System.Data.dll" /reference:"C:\Program Files (x86)\Reference Assemblies\Microsoft\Framework\.NETFramework\v4.8\System.dll" /reference:"C:\Program Files (x86)\Reference Assemblies\Microsoft\Framework\.NETFramework\v4.8\System.Drawing.dll" /reference:"C:\Program Files (x86)\Reference Assemblies\Microsoft\Framework\.NETFramework\v4.8\System.IO.Compression.FileSystem.dll" /reference:"C:\Program Files (x86)\Reference Assemblies\Microsoft\Framework\.NETFramework\v4.8\System.Numerics.dll" /reference:"C:\Program Files (x86)\Reference Assemblies\Microsoft\Framework\.NETFramework\v4.8\System.Runtime.Serialization.dll" /reference:"C:\Program Files (x86)\Reference Assemblies\Microsoft\Framework\.NETFramework\v4.8\System.Xml.dll" /reference:"C:\Program Files (x86)\Reference Assemblies\Microsoft\Framework\.NETFramework\v4.8\System.Xml.Linq.dll" /reference:E:\SteamLibrary\steamapps\common\RimWorld\RimWorldWin64_Data\Managed\UnityEngine.CoreModule.dll /reference:E:\SteamLibrary\steamapps\common\RimWorld\RimWorldWin64_Data\Managed\UnityEngine.IMGUIModule.dll /reference:E:\SteamLibrary\steamapps\common\RimWorld\RimWorldWin64_Data\Managed\UnityEngine.TextRenderingModule.dll /reference:E:\SteamLibrary\steamapps\common\RimWorld\RimWorldWin64_Data\Managed\UnityEngine.UnityWebRequestModule.dll /reference:"C:\Program Files (x86)\Reference Assemblies\Microsoft\Framework\.NETFramework\v4.8\Facades\Microsoft.Win32.Primitives.dll" /reference:"C:\Program Files (x86)\Reference Assemblies\Microsoft\Framework\.NETFramework\v4.8\Facades\netstandard.dll" /reference:"C:\Program Files (x86)\Reference Assemblies\Microsoft\Framework\.NETFramework\v4.8\Facades\System.AppContext.dll" /reference:"C:\Program Files (x86)\Reference Assemblies\Microsoft\Framework\.NETFramework\v4.8\Facades\System.Collections.Concurrent.dll" /reference:"C:\Program Files (x86)\Reference Assemblies\Microsoft\Framework\.NETFramework\v4.8\Facades\System.Collections.dll" /reference:"C:\Program Files (x86)\Reference Assemblies\Microsoft\Framework\.NETFramework\v4.8\Facades\System.Collections.NonGeneric.dll" /reference:"C:\Program Files (x86)\Reference Assemblies\Microsoft\Framework\.NETFramework\v4.8\Facades\System.Collections.Specialized.dll" /reference:"C:\Program Files (x86)\Reference Assemblies\Microsoft\Framework\.NETFramework\v4.8\Facades\System.ComponentModel.Annotations.dll" /reference:"C:\Program Files (x86)\Reference Assemblies\Microsoft\Framework\.NETFramework\v4.8\Facades\System.ComponentModel.dll" /reference:"C:\Program Files (x86)\Reference Assemblies\Microsoft\Framework\.NETFramework\v4.8\Facades\System.ComponentModel.EventBasedAsync.dll" /reference:"C:\Program Files (x86)\Reference Assemblies\Microsoft\Framework\.NETFramework\v4.8\Facades\System.ComponentModel.Primitives.dll" /reference:"C:\Program Files (x86)\Reference Assemblies\Microsoft\Framework\.NETFramework\v4.8\Facades\System.ComponentModel.TypeConverter.dll" /reference:"C:\Program Files (x86)\Reference Assemblies\Microsoft\Framework\.NETFramework\v4.8\Facades\System.Console.dll" /reference:"C:\Program Files (x86)\Reference Assemblies\Microsoft\Framework\.NETFramework\v4.8\Facades\System.Data.Common.dll" /reference:"C:\Program Files (x86)\Reference Assemblies\Microsoft\Framework\.NETFramework\v4.8\Facades\System.Diagnostics.Contracts.dll" /reference:"C:\Program Files (x86)\Reference Assemblies\Microsoft\Framework\.NETFramework\v4.8\Facades\System.Diagnostics.Debug.dll" /reference:"C:\Program Files (x86)\Reference Assemblies\Microsoft\Framework\.NETFramework\v4.8\Facades\System.Diagnostics.FileVersionInfo.dll" /reference:"C:\Program Files (x86)\Reference Assemblies\Microsoft\Framework\.NETFramework\v4.8\Facades\System.Diagnostics.Process.dll" /reference:"C:\Program Files (x86)\Reference Assemblies\Microsoft\Framework\.NETFramework\v4.8\Facades\System.Diagnostics.StackTrace.dll" /reference:"C:\Program Files (x86)\Reference Assemblies\Microsoft\Framework\.NETFramework\v4.8\Facades\System.Diagnostics.TextWriterTraceListener.dll" /reference:"C:\Program Files (x86)\Reference Assemblies\Microsoft\Framework\.NETFramework\v4.8\Facades\System.Diagnostics.Tools.dll" /reference:"C:\Program Files (x86)\Reference Assemblies\Microsoft\Framework\.NETFramework\v4.8\Facades\System.Diagnostics.TraceSource.dll" /reference:"C:\Program Files (x86)\Reference Assemblies\Microsoft\Framework\.NETFramework\v4.8\Facades\System.Drawing.Primitives.dll" /reference:"C:\Program Files (x86)\Reference Assemblies\Microsoft\Framework\.NETFramework\v4.8\Facades\System.Dynamic.Runtime.dll" /reference:"C:\Program Files (x86)\Reference Assemblies\Microsoft\Framework\.NETFramework\v4.8\Facades\System.Globalization.Calendars.dll" /reference:"C:\Program Files (x86)\Reference Assemblies\Microsoft\Framework\.NETFramework\v4.8\Facades\System.Globalization.dll" /reference:"C:\Program Files (x86)\Reference Assemblies\Microsoft\Framework\.NETFramework\v4.8\Facades\System.Globalization.Extensions.dll" /reference:"C:\Program Files (x86)\Reference Assemblies\Microsoft\Framework\.NETFramework\v4.8\Facades\System.IO.Compression.ZipFile.dll" /reference:"C:\Program Files (x86)\Reference Assemblies\Microsoft\Framework\.NETFramework\v4.8\Facades\System.IO.dll" /reference:"C:\Program Files (x86)\Reference Assemblies\Microsoft\Framework\.NETFramework\v4.8\Facades\System.IO.FileSystem.dll" /reference:"C:\Program Files (x86)\Reference Assemblies\Microsoft\Framework\.NETFramework\v4.8\Facades\System.IO.FileSystem.DriveInfo.dll" /reference:"C:\Program Files (x86)\Reference Assemblies\Microsoft\Framework\.NETFramework\v4.8\Facades\System.IO.FileSystem.Primitives.dll" /reference:"C:\Program Files (x86)\Reference Assemblies\Microsoft\Framework\.NETFramework\v4.8\Facades\System.IO.FileSystem.Watcher.dll" /reference:"C:\Program Files (x86)\Reference Assemblies\Microsoft\Framework\.NETFramework\v4.8\Facades\System.IO.IsolatedStorage.dll" /reference:"C:\Program Files (x86)\Reference Assemblies\Microsoft\Framework\.NETFramework\v4.8\Facades\System.IO.MemoryMappedFiles.dll" /reference:"C:\Program Files (x86)\Reference Assemblies\Microsoft\Framework\.NETFramework\v4.8\Facades\System.IO.Pipes.dll" /reference:"C:\Program Files (x86)\Reference Assemblies\Microsoft\Framework\.NETFramework\v4.8\Facades\System.IO.UnmanagedMemoryStream.dll" /reference:"C:\Program Files (x86)\Reference Assemblies\Microsoft\Framework\.NETFramework\v4.8\Facades\System.Linq.dll" /reference:"C:\Program Files (x86)\Reference Assemblies\Microsoft\Framework\.NETFramework\v4.8\Facades\System.Linq.Expressions.dll" /reference:"C:\Program Files (x86)\Reference Assemblies\Microsoft\Framework\.NETFramework\v4.8\Facades\System.Linq.Parallel.dll" /reference:"C:\Program Files (x86)\Reference Assemblies\Microsoft\Framework\.NETFramework\v4.8\Facades\System.Linq.Queryable.dll" /reference:"C:\Program Files (x86)\Reference Assemblies\Microsoft\Framework\.NETFramework\v4.8\Facades\System.Net.Http.Rtc.dll" /reference:"C:\Program Files (x86)\Reference Assemblies\Microsoft\Framework\.NETFramework\v4.8\Facades\System.Net.NameResolution.dll" /reference:"C:\Program Files (x86)\Reference Assemblies\Microsoft\Framework\.NETFramework\v4.8\Facades\System.Net.NetworkInformation.dll" /reference:"C:\Program Files (x86)\Reference Assemblies\Microsoft\Framework\.NETFramework\v4.8\Facades\System.Net.Ping.dll" /reference:"C:\Program Files (x86)\Reference Assemblies\Microsoft\Framework\.NETFramework\v4.8\Facades\System.Net.Primitives.dll" /reference:"C:\Program Files (x86)\Reference Assemblies\Microsoft\Framework\.NETFramework\v4.8\Facades\System.Net.Requests.dll" /reference:"C:\Program Files (x86)\Reference Assemblies\Microsoft\Framework\.NETFramework\v4.8\Facades\System.Net.Security.dll" /reference:"C:\Program Files (x86)\Reference Assemblies\Microsoft\Framework\.NETFramework\v4.8\Facades\System.Net.Sockets.dll" /reference:"C:\Program Files (x86)\Reference Assemblies\Microsoft\Framework\.NETFramework\v4.8\Facades\System.Net.WebHeaderCollection.dll" /reference:"C:\Program Files (x86)\Reference Assemblies\Microsoft\Framework\.NETFramework\v4.8\Facades\System.Net.WebSockets.Client.dll" /reference:"C:\Program Files (x86)\Reference Assemblies\Microsoft\Framework\.NETFramework\v4.8\Facades\System.Net.WebSockets.dll" /reference:"C:\Program Files (x86)\Reference Assemblies\Microsoft\Framework\.NETFramework\v4.8\Facades\System.ObjectModel.dll" /reference:"C:\Program Files (x86)\Reference Assemblies\Microsoft\Framework\.NETFramework\v4.8\Facades\System.Reflection.dll" /reference:"C:\Program Files (x86)\Reference Assemblies\Microsoft\Framework\.NETFramework\v4.8\Facades\System.Reflection.Emit.dll" /reference:"C:\Program Files (x86)\Reference Assemblies\Microsoft\Framework\.NETFramework\v4.8\Facades\System.Reflection.Emit.ILGeneration.dll" /reference:"C:\Program Files (x86)\Reference Assemblies\Microsoft\Framework\.NETFramework\v4.8\Facades\System.Reflection.Emit.Lightweight.dll" /reference:"C:\Program Files (x86)\Reference Assemblies\Microsoft\Framework\.NETFramework\v4.8\Facades\System.Reflection.Extensions.dll" /reference:"C:\Program Files (x86)\Reference Assemblies\Microsoft\Framework\.NETFramework\v4.8\Facades\System.Reflection.Primitives.dll" /reference:"C:\Program Files (x86)\Reference Assemblies\Microsoft\Framework\.NETFramework\v4.8\Facades\System.Resources.Reader.dll" /reference:"C:\Program Files (x86)\Reference Assemblies\Microsoft\Framework\.NETFramework\v4.8\Facades\System.Resources.ResourceManager.dll" /reference:"C:\Program Files (x86)\Reference Assemblies\Microsoft\Framework\.NETFramework\v4.8\Facades\System.Resources.Writer.dll" /reference:"C:\Program Files (x86)\Reference Assemblies\Microsoft\Framework\.NETFramework\v4.8\Facades\System.Runtime.CompilerServices.VisualC.dll" /reference:"C:\Program Files (x86)\Reference Assemblies\Microsoft\Framework\.NETFramework\v4.8\Facades\System.Runtime.dll" /reference:"C:\Program Files (x86)\Reference Assemblies\Microsoft\Framework\.NETFramework\v4.8\Facades\System.Runtime.Extensions.dll" /reference:"C:\Program Files (x86)\Reference Assemblies\Microsoft\Framework\.NETFramework\v4.8\Facades\System.Runtime.Handles.dll" /reference:"C:\Program Files (x86)\Reference Assemblies\Microsoft\Framework\.NETFramework\v4.8\Facades\System.Runtime.InteropServices.dll" /reference:"C:\Program Files (x86)\Reference Assemblies\Microsoft\Framework\.NETFramework\v4.8\Facades\System.Runtime.InteropServices.RuntimeInformation.dll" /reference:"C:\Program Files (x86)\Reference Assemblies\Microsoft\Framework\.NETFramework\v4.8\Facades\System.Runtime.InteropServices.WindowsRuntime.dll" /reference:"C:\Program Files (x86)\Reference Assemblies\Microsoft\Framework\.NETFramework\v4.8\Facades\System.Runtime.Numerics.dll" /reference:"C:\Program Files (x86)\Reference Assemblies\Microsoft\Framework\.NETFramework\v4.8\Facades\System.Runtime.Serialization.Formatters.dll" /reference:"C:\Program Files (x86)\Reference Assemblies\Microsoft\Framework\.NETFramework\v4.8\Facades\System.Runtime.Serialization.Json.dll" /reference:"C:\Program Files (x86)\Reference Assemblies\Microsoft\Framework\.NETFramework\v4.8\Facades\System.Runtime.Serialization.Primitives.dll" /reference:"C:\Program Files (x86)\Reference Assemblies\Microsoft\Framework\.NETFramework\v4.8\Facades\System.Runtime.Serialization.Xml.dll" /reference:"C:\Program Files (x86)\Reference Assemblies\Microsoft\Framework\.NETFramework\v4.8\Facades\System.Security.Claims.dll" /reference:"C:\Program Files (x86)\Reference Assemblies\Microsoft\Framework\.NETFramework\v4.8\Facades\System.Security.Cryptography.Algorithms.dll" /reference:"C:\Program Files (x86)\Reference Assemblies\Microsoft\Framework\.NETFramework\v4.8\Facades\System.Security.Cryptography.Csp.dll" /reference:"C:\Program Files (x86)\Reference Assemblies\Microsoft\Framework\.NETFramework\v4.8\Facades\System.Security.Cryptography.Encoding.dll" /reference:"C:\Program Files (x86)\Reference Assemblies\Microsoft\Framework\.NETFramework\v4.8\Facades\System.Security.Cryptography.Primitives.dll" /reference:"C:\Program Files (x86)\Reference Assemblies\Microsoft\Framework\.NETFramework\v4.8\Facades\System.Security.Cryptography.X509Certificates.dll" /reference:"C:\Program Files (x86)\Reference Assemblies\Microsoft\Framework\.NETFramework\v4.8\Facades\System.Security.Principal.dll" /reference:"C:\Program Files (x86)\Reference Assemblies\Microsoft\Framework\.NETFramework\v4.8\Facades\System.Security.SecureString.dll" /reference:"C:\Program Files (x86)\Reference Assemblies\Microsoft\Framework\.NETFramework\v4.8\Facades\System.ServiceModel.Duplex.dll" /reference:"C:\Program Files (x86)\Reference Assemblies\Microsoft\Framework\.NETFramework\v4.8\Facades\System.ServiceModel.Http.dll" /reference:"C:\Program Files (x86)\Reference Assemblies\Microsoft\Framework\.NETFramework\v4.8\Facades\System.ServiceModel.NetTcp.dll" /reference:"C:\Program Files (x86)\Reference Assemblies\Microsoft\Framework\.NETFramework\v4.8\Facades\System.ServiceModel.Primitives.dll" /reference:"C:\Program Files (x86)\Reference Assemblies\Microsoft\Framework\.NETFramework\v4.8\Facades\System.ServiceModel.Security.dll" /reference:"C:\Program Files (x86)\Reference Assemblies\Microsoft\Framework\.NETFramework\v4.8\Facades\System.Text.Encoding.dll" /reference:"C:\Program Files (x86)\Reference Assemblies\Microsoft\Framework\.NETFramework\v4.8\Facades\System.Text.Encoding.Extensions.dll" /reference:"C:\Program Files (x86)\Reference Assemblies\Microsoft\Framework\.NETFramework\v4.8\Facades\System.Text.RegularExpressions.dll" /reference:"C:\Program Files (x86)\Reference Assemblies\Microsoft\Framework\.NETFramework\v4.8\Facades\System.Threading.dll" /reference:"C:\Program Files (x86)\Reference Assemblies\Microsoft\Framework\.NETFramework\v4.8\Facades\System.Threading.Overlapped.dll" /reference:"C:\Program Files (x86)\Reference Assemblies\Microsoft\Framework\.NETFramework\v4.8\Facades\System.Threading.Tasks.dll" /reference:"C:\Program Files (x86)\Reference Assemblies\Microsoft\Framework\.NETFramework\v4.8\Facades\System.Threading.Tasks.Parallel.dll" /reference:"C:\Program Files (x86)\Reference Assemblies\Microsoft\Framework\.NETFramework\v4.8\Facades\System.Threading.Thread.dll" /reference:"C:\Program Files (x86)\Reference Assemblies\Microsoft\Framework\.NETFramework\v4.8\Facades\System.Threading.ThreadPool.dll" /reference:"C:\Program Files (x86)\Reference Assemblies\Microsoft\Framework\.NETFramework\v4.8\Facades\System.Threading.Timer.dll" /reference:"C:\Program Files (x86)\Reference Assemblies\Microsoft\Framework\.NETFramework\v4.8\Facades\System.ValueTuple.dll" /reference:"C:\Program Files (x86)\Reference Assemblies\Microsoft\Framework\.NETFramework\v4.8\Facades\System.Xml.ReaderWriter.dll" /reference:"C:\Program Files (x86)\Reference Assemblies\Microsoft\Framework\.NETFramework\v4.8\Facades\System.Xml.XDocument.dll" /reference:"C:\Program Files (x86)\Reference Assemblies\Microsoft\Framework\.NETFramework\v4.8\Facades\System.Xml.XmlDocument.dll" /reference:"C:\Program Files (x86)\Reference Assemblies\Microsoft\Framework\.NETFramework\v4.8\Facades\System.Xml.XmlSerializer.dll" /reference:"C:\Program Files (x86)\Reference Assemblies\Microsoft\Framework\.NETFramework\v4.8\Facades\System.Xml.XPath.dll" /reference:"C:\Program Files (x86)\Reference Assemblies\Microsoft\Framework\.NETFramework\v4.8\Facades\System.Xml.XPath.XDocument.dll" /debug+ /debug:portable /filealign:512 /optimize- /out:obj\Debug\net48\RimDiplomacy.dll /subsystemversion:6.00 /target:library /warnaserror- /utf8output /deterministic+ /sourcelink:obj\Debug\net48\RimDiplomacy.sourcelink.json /langversion:latest /analyzerconfig:obj\Debug\net48\RimDiplomacy.GeneratedMSBuildEditorConfig.editorconfig AI\AIActionExecutor.cs AI\AIChatClient.cs AI\AIChatService.cs AI\AIChatServiceAsync.cs AI\AIProvider.cs AI\AIResponseParser.cs AI\LLMRelationResponse.cs Comp\CompPawnDialogue.cs Config\ApiConfig.cs Config\APIPreset.cs Config\FactionPromptConfig.cs Config\FactionPromptManager.cs Config\LocalModelConfig.cs Config\PromptConfig.cs Config\RimDiplomacySettings.Compat.cs Config\RimDiplomacySettings.cs Config\RimDiplomacySettings_AI.cs Config\RimDiplomacySettings_Prompt.cs Config\RimDiplomacySettings_RPG.cs Config\SystemPromptConfig.cs Core\RimDiplomacyMod.cs DiplomacySystem\DelayedDiplomacyEvent.cs DiplomacySystem\DiplomacyEventManager.cs DiplomacySystem\DiplomacyNotificationManager.cs DiplomacySystem\GameAIInterface.cs DiplomacySystem\GameComponent_DiplomacyManager.cs Memory\FactionDialogueSession.cs Memory\FactionLeaderMemory.cs Memory\LeaderMemoryManager.cs Patches\CommsConsolePatch.cs Patches\PawnInteractionPatch.cs Persistence\IPromptPersistenceService.cs Persistence\PromptFileManager.cs Persistence\PromptPersistenceService.cs Relation\DialogueGoodwillCost.cs Relation\FactionRelationContext.cs Relation\FactionRelationValues.cs Relation\RelationBasedCostCalculator.cs Relation\RelationRules.cs Relation\RelationThresholdBehavior.cs UI\Dialog_DiplomacyDialogue.cs UI\Dialog_FactionPromptEditor.cs UI\Dialog_LoadFile.cs UI\Dialog_RPGPawnDialogue.cs UI\Dialog_SaveFile.cs UI\Dialog_SelectFactionForDialogue.cs UI\EnhancedTextArea.cs UI\FiveDimensionBar.cs UI\GoodwillChangeAnimation.cs UI\MainTabWindow_RimDiplomacy.cs Util\DebugLogger.cs Util\DLCCompatibility.cs "obj\Debug\net48\.NETFramework,Version=v4.8.AssemblyAttributes.cs" obj\Debug\net48\RimDiplomacy.AssemblyInfo.cs /warnaserror+:NU1605'
         Attempt to open named pipe 'ARBBzbf8KKvsqpUahqiciMg2_lMAzq7pDw4ia+O2s+I'
         Attempt to connect named pipe 'ARBBzbf8KKvsqpUahqiciMg2_lMAzq7pDw4ia+O2s+I'
         Named pipe 'ARBBzbf8KKvsqpUahqiciMg2_lMAzq7pDw4ia+O2s+I' connected
         Begin writing request for RimDiplomacy (net48)
         End writing request for RimDiplomacy (net48)
         Begin reading response for RimDiplomacy (net48)
         End reading response for RimDiplomacy (net48)
     2>C:\Users\Administrator\source\repos\RimDiplomacy\RimDiplomacy\AI\AIChatServiceAsync.cs(214,30): warning CS0168: 澹版槑浜嗗彉閲忊€渆x鈥濓紝浣嗕粠鏈娇鐢ㄨ繃 [C:\Users\Administrator\source\repos\RimDiplomacy\RimDiplomacy\RimDiplomacy.csproj]
     2>C:\Users\Administrator\source\repos\RimDiplomacy\RimDiplomacy\DiplomacySystem\DiplomacyNotificationManager.cs(13,30): warning CS0618: 鈥淭ranslator.Translate(string, params object[])鈥濆凡杩囨椂:鈥淯se TranslatorFormattedStringExtensions鈥?[C:\Users\Administrator\source\repos\RimDiplomacy\RimDiplomacy\RimDiplomacy.csproj]
     2>C:\Users\Administrator\source\repos\RimDiplomacy\RimDiplomacy\UI\Dialog_RPGPawnDialogue.cs(47,18): error CS1061: 鈥淒ialog_RPGPawnDialogue鈥濇湭鍖呭惈鈥渄rawWindowBackground鈥濈殑瀹氫箟锛屽苟涓旀壘涓嶅埌鍙帴鍙楃涓€涓€淒ialog_RPGPawnDialogue鈥濈被鍨嬪弬鏁扮殑鍙闂墿灞曟柟娉曗€渄rawWindowBackground鈥?鏄惁缂哄皯 using 鎸囦护鎴栫▼搴忛泦寮曠敤?) [C:\Users\Administrator\source\repos\RimDiplomacy\RimDiplomacy\RimDiplomacy.csproj]
     2>C:\Users\Administrator\source\repos\RimDiplomacy\RimDiplomacy\UI\Dialog_SelectFactionForDialogue.cs(95,45): warning CS0618: 鈥淩ect.right鈥濆凡杩囨椂:鈥渦se xMax鈥?[C:\Users\Administrator\source\repos\RimDiplomacy\RimDiplomacy\RimDiplomacy.csproj]
     2>C:\Users\Administrator\source\repos\RimDiplomacy\RimDiplomacy\Config\RimDiplomacySettings_Prompt.cs(1375,22): warning CS0414: 瀛楁鈥淩imDiplomacySettings._editingWarRules鈥濆凡琚祴鍊硷紝浣嗕粠鏈娇鐢ㄨ繃瀹冪殑鍊?[C:\Users\Administrator\source\repos\RimDiplomacy\RimDiplomacy\RimDiplomacy.csproj]
     2>C:\Users\Administrator\source\repos\RimDiplomacy\RimDiplomacy\Config\RimDiplomacySettings_Prompt.cs(1376,22): warning CS0414: 瀛楁鈥淩imDiplomacySettings._editingPeaceRules鈥濆凡琚祴鍊硷紝浣嗕粠鏈娇鐢ㄨ繃瀹冪殑鍊?[C:\Users\Administrator\source\repos\RimDiplomacy\RimDiplomacy\RimDiplomacy.csproj]
     2>C:\Users\Administrator\source\repos\RimDiplomacy\RimDiplomacy\Config\RimDiplomacySettings_Prompt.cs(1373,22): warning CS0414: 瀛楁鈥淩imDiplomacySettings._editingGiftRules鈥濆凡琚祴鍊硷紝浣嗕粠鏈娇鐢ㄨ繃瀹冪殑鍊?[C:\Users\Administrator\source\repos\RimDiplomacy\RimDiplomacy\RimDiplomacy.csproj]
     2>C:\Users\Administrator\source\repos\RimDiplomacy\RimDiplomacy\Config\RimDiplomacySettings_Prompt.cs(1377,22): warning CS0414: 瀛楁鈥淩imDiplomacySettings._editingTradeRules鈥濆凡琚祴鍊硷紝浣嗕粠鏈娇鐢ㄨ繃瀹冪殑鍊?[C:\Users\Administrator\source\repos\RimDiplomacy\RimDiplomacy\RimDiplomacy.csproj]
     2>C:\Users\Administrator\source\repos\RimDiplomacy\RimDiplomacy\Config\RimDiplomacySettings_Prompt.cs(1374,22): warning CS0414: 瀛楁鈥淩imDiplomacySettings._editingAidRules鈥濆凡琚祴鍊硷紝浣嗕粠鏈娇鐢ㄨ繃瀹冪殑鍊?[C:\Users\Administrator\source\repos\RimDiplomacy\RimDiplomacy\RimDiplomacy.csproj]
         CompilerServer: server - server processed compilation - RimDiplomacy (net48)
     2>宸插畬鎴愮敓鎴愰」鐩€淐:\Users\Administrator\source\repos\RimDiplomacy\RimDiplomacy\RimDiplomacy.csproj鈥?榛樿鐩爣)鐨勬搷浣?- 澶辫触銆?
     1>宸插畬鎴愮敓鎴愰」鐩€淐:\Users\Administrator\source\repos\RimDiplomacy\RimDiplomacy.sln鈥?榛樿鐩爣)鐨勬搷浣?- 澶辫触銆?

鐢熸垚澶辫触銆?

       鈥淐:\Users\Administrator\source\repos\RimDiplomacy\RimDiplomacy.sln鈥?榛樿鐩爣) (1:2) ->
       鈥淐:\Users\Administrator\source\repos\RimDiplomacy\RimDiplomacy\RimDiplomacy.csproj鈥?榛樿鐩爣) (2:6) ->
       (CoreCompile 鐩爣) -> 
         C:\Users\Administrator\source\repos\RimDiplomacy\RimDiplomacy\AI\AIChatServiceAsync.cs(214,30): warning CS0168: 澹版槑浜嗗彉閲忊€渆x鈥濓紝浣嗕粠鏈娇鐢ㄨ繃 [C:\Users\Administrator\source\repos\RimDiplomacy\RimDiplomacy\RimDiplomacy.csproj]
         C:\Users\Administrator\source\repos\RimDiplomacy\RimDiplomacy\DiplomacySystem\DiplomacyNotificationManager.cs(13,30): warning CS0618: 鈥淭ranslator.Translate(string, params object[])鈥濆凡杩囨椂:鈥淯se TranslatorFormattedStringExtensions鈥?[C:\Users\Administrator\source\repos\RimDiplomacy\RimDiplomacy\RimDiplomacy.csproj]
         C:\Users\Administrator\source\repos\RimDiplomacy\RimDiplomacy\UI\Dialog_SelectFactionForDialogue.cs(95,45): warning CS0618: 鈥淩ect.right鈥濆凡杩囨椂:鈥渦se xMax鈥?[C:\Users\Administrator\source\repos\RimDiplomacy\RimDiplomacy\RimDiplomacy.csproj]
         C:\Users\Administrator\source\repos\RimDiplomacy\RimDiplomacy\Config\RimDiplomacySettings_Prompt.cs(1375,22): warning CS0414: 瀛楁鈥淩imDiplomacySettings._editingWarRules鈥濆凡琚祴鍊硷紝浣嗕粠鏈娇鐢ㄨ繃瀹冪殑鍊?[C:\Users\Administrator\source\repos\RimDiplomacy\RimDiplomacy\RimDiplomacy.csproj]
         C:\Users\Administrator\source\repos\RimDiplomacy\RimDiplomacy\Config\RimDiplomacySettings_Prompt.cs(1376,22): warning CS0414: 瀛楁鈥淩imDiplomacySettings._editingPeaceRules鈥濆凡琚祴鍊硷紝浣嗕粠鏈娇鐢ㄨ繃瀹冪殑鍊?[C:\Users\Administrator\source\repos\RimDiplomacy\RimDiplomacy\RimDiplomacy.csproj]
         C:\Users\Administrator\source\repos\RimDiplomacy\RimDiplomacy\Config\RimDiplomacySettings_Prompt.cs(1373,22): warning CS0414: 瀛楁鈥淩imDiplomacySettings._editingGiftRules鈥濆凡琚祴鍊硷紝浣嗕粠鏈娇鐢ㄨ繃瀹冪殑鍊?[C:\Users\Administrator\source\repos\RimDiplomacy\RimDiplomacy\RimDiplomacy.csproj]
         C:\Users\Administrator\source\repos\RimDiplomacy\RimDiplomacy\Config\RimDiplomacySettings_Prompt.cs(1377,22): warning CS0414: 瀛楁鈥淩imDiplomacySettings._editingTradeRules鈥濆凡琚祴鍊硷紝浣嗕粠鏈娇鐢ㄨ繃瀹冪殑鍊?[C:\Users\Administrator\source\repos\RimDiplomacy\RimDiplomacy\RimDiplomacy.csproj]
         C:\Users\Administrator\source\repos\RimDiplomacy\RimDiplomacy\Config\RimDiplomacySettings_Prompt.cs(1374,22): warning CS0414: 瀛楁鈥淩imDiplomacySettings._editingAidRules鈥濆凡琚祴鍊硷紝浣嗕粠鏈娇鐢ㄨ繃瀹冪殑鍊?[C:\Users\Administrator\source\repos\RimDiplomacy\RimDiplomacy\RimDiplomacy.csproj]


       鈥淐:\Users\Administrator\source\repos\RimDiplomacy\RimDiplomacy.sln鈥?榛樿鐩爣) (1:2) ->
       鈥淐:\Users\Administrator\source\repos\RimDiplomacy\RimDiplomacy\RimDiplomacy.csproj鈥?榛樿鐩爣) (2:6) ->
       (CoreCompile 鐩爣) -> 
         C:\Users\Administrator\source\repos\RimDiplomacy\RimDiplomacy\UI\Dialog_RPGPawnDialogue.cs(47,18): error CS1061: 鈥淒ialog_RPGPawnDialogue鈥濇湭鍖呭惈鈥渄rawWindowBackground鈥濈殑瀹氫箟锛屽苟涓旀壘涓嶅埌鍙帴鍙楃涓€涓€淒ialog_RPGPawnDialogue鈥濈被鍨嬪弬鏁扮殑鍙闂墿灞曟柟娉曗€渄rawWindowBackground鈥?鏄惁缂哄皯 using 鎸囦护鎴栫▼搴忛泦寮曠敤?) [C:\Users\Administrator\source\repos\RimDiplomacy\RimDiplomacy\RimDiplomacy.csproj]

    8 涓鍛?
    1 涓敊璇?

宸茬敤鏃堕棿 00:00:01.02
