  正在确定要还原的项目…
  所有项目均是最新的，无法还原。
C:\Users\Administrator\source\repos\RimDiplomacy\RimDiplomacy\AI\AIChatServiceAsync.cs(214,30): warning CS0168: 声明了变量“ex”，但从未使用过 [C:\Users\Administrator\source\repos\RimDiplomacy\RimDiplomacy\RimDiplomacy.csproj]
C:\Users\Administrator\source\repos\RimDiplomacy\RimDiplomacy\DiplomacySystem\DiplomacyNotificationManager.cs(13,30): warning CS0618: “Translator.Translate(string, params object[])”已过时:“Use TranslatorFormattedStringExtensions” [C:\Users\Administrator\source\repos\RimDiplomacy\RimDiplomacy\RimDiplomacy.csproj]
C:\Users\Administrator\source\repos\RimDiplomacy\RimDiplomacy\UI\Dialog_RPGPawnDialogue.cs(47,18): error CS1061: “Dialog_RPGPawnDialogue”未包含“drawWindowBackground”的定义，并且找不到可接受第一个“Dialog_RPGPawnDialogue”类型参数的可访问扩展方法“drawWindowBackground”(是否缺少 using 指令或程序集引用?) [C:\Users\Administrator\source\repos\RimDiplomacy\RimDiplomacy\RimDiplomacy.csproj]
C:\Users\Administrator\source\repos\RimDiplomacy\RimDiplomacy\UI\Dialog_SelectFactionForDialogue.cs(95,45): warning CS0618: “Rect.right”已过时:“use xMax” [C:\Users\Administrator\source\repos\RimDiplomacy\RimDiplomacy\RimDiplomacy.csproj]
C:\Users\Administrator\source\repos\RimDiplomacy\RimDiplomacy\Config\RimDiplomacySettings_Prompt.cs(1377,22): warning CS0414: 字段“RimDiplomacySettings._editingTradeRules”已被赋值，但从未使用过它的值 [C:\Users\Administrator\source\repos\RimDiplomacy\RimDiplomacy\RimDiplomacy.csproj]
C:\Users\Administrator\source\repos\RimDiplomacy\RimDiplomacy\Config\RimDiplomacySettings_Prompt.cs(1376,22): warning CS0414: 字段“RimDiplomacySettings._editingPeaceRules”已被赋值，但从未使用过它的值 [C:\Users\Administrator\source\repos\RimDiplomacy\RimDiplomacy\RimDiplomacy.csproj]
C:\Users\Administrator\source\repos\RimDiplomacy\RimDiplomacy\Config\RimDiplomacySettings_Prompt.cs(1375,22): warning CS0414: 字段“RimDiplomacySettings._editingWarRules”已被赋值，但从未使用过它的值 [C:\Users\Administrator\source\repos\RimDiplomacy\RimDiplomacy\RimDiplomacy.csproj]
C:\Users\Administrator\source\repos\RimDiplomacy\RimDiplomacy\Config\RimDiplomacySettings_Prompt.cs(1373,22): warning CS0414: 字段“RimDiplomacySettings._editingGiftRules”已被赋值，但从未使用过它的值 [C:\Users\Administrator\source\repos\RimDiplomacy\RimDiplomacy\RimDiplomacy.csproj]
C:\Users\Administrator\source\repos\RimDiplomacy\RimDiplomacy\Config\RimDiplomacySettings_Prompt.cs(1374,22): warning CS0414: 字段“RimDiplomacySettings._editingAidRules”已被赋值，但从未使用过它的值 [C:\Users\Administrator\source\repos\RimDiplomacy\RimDiplomacy\RimDiplomacy.csproj]

生成失败。

C:\Users\Administrator\source\repos\RimDiplomacy\RimDiplomacy\AI\AIChatServiceAsync.cs(214,30): warning CS0168: 声明了变量“ex”，但从未使用过 [C:\Users\Administrator\source\repos\RimDiplomacy\RimDiplomacy\RimDiplomacy.csproj]
C:\Users\Administrator\source\repos\RimDiplomacy\RimDiplomacy\DiplomacySystem\DiplomacyNotificationManager.cs(13,30): warning CS0618: “Translator.Translate(string, params object[])”已过时:“Use TranslatorFormattedStringExtensions” [C:\Users\Administrator\source\repos\RimDiplomacy\RimDiplomacy\RimDiplomacy.csproj]
C:\Users\Administrator\source\repos\RimDiplomacy\RimDiplomacy\UI\Dialog_SelectFactionForDialogue.cs(95,45): warning CS0618: “Rect.right”已过时:“use xMax” [C:\Users\Administrator\source\repos\RimDiplomacy\RimDiplomacy\RimDiplomacy.csproj]
C:\Users\Administrator\source\repos\RimDiplomacy\RimDiplomacy\Config\RimDiplomacySettings_Prompt.cs(1377,22): warning CS0414: 字段“RimDiplomacySettings._editingTradeRules”已被赋值，但从未使用过它的值 [C:\Users\Administrator\source\repos\RimDiplomacy\RimDiplomacy\RimDiplomacy.csproj]
C:\Users\Administrator\source\repos\RimDiplomacy\RimDiplomacy\Config\RimDiplomacySettings_Prompt.cs(1376,22): warning CS0414: 字段“RimDiplomacySettings._editingPeaceRules”已被赋值，但从未使用过它的值 [C:\Users\Administrator\source\repos\RimDiplomacy\RimDiplomacy\RimDiplomacy.csproj]
C:\Users\Administrator\source\repos\RimDiplomacy\RimDiplomacy\Config\RimDiplomacySettings_Prompt.cs(1375,22): warning CS0414: 字段“RimDiplomacySettings._editingWarRules”已被赋值，但从未使用过它的值 [C:\Users\Administrator\source\repos\RimDiplomacy\RimDiplomacy\RimDiplomacy.csproj]
C:\Users\Administrator\source\repos\RimDiplomacy\RimDiplomacy\Config\RimDiplomacySettings_Prompt.cs(1373,22): warning CS0414: 字段“RimDiplomacySettings._editingGiftRules”已被赋值，但从未使用过它的值 [C:\Users\Administrator\source\repos\RimDiplomacy\RimDiplomacy\RimDiplomacy.csproj]
C:\Users\Administrator\source\repos\RimDiplomacy\RimDiplomacy\Config\RimDiplomacySettings_Prompt.cs(1374,22): warning CS0414: 字段“RimDiplomacySettings._editingAidRules”已被赋值，但从未使用过它的值 [C:\Users\Administrator\source\repos\RimDiplomacy\RimDiplomacy\RimDiplomacy.csproj]
C:\Users\Administrator\source\repos\RimDiplomacy\RimDiplomacy\UI\Dialog_RPGPawnDialogue.cs(47,18): error CS1061: “Dialog_RPGPawnDialogue”未包含“drawWindowBackground”的定义，并且找不到可接受第一个“Dialog_RPGPawnDialogue”类型参数的可访问扩展方法“drawWindowBackground”(是否缺少 using 指令或程序集引用?) [C:\Users\Administrator\source\repos\RimDiplomacy\RimDiplomacy\RimDiplomacy.csproj]
    8 个警告
    1 个错误

已用时间 00:00:00.96
